HTTP/2 429 
date: Mon, 09 Feb 2026 19:51:33 GMT
content-type: application/json; charset=utf-8
content-length: 387
x-oauth-scopes: delete:packages, repo, workflow, write:packages
x-accepted-oauth-scopes: repo
github-authentication-token-expiration: 2026-03-11 19:47:27 UTC
x-github-media-type: github.v3; format=json
access-control-expose-headers: ETag, Link, Location, Retry-After, X-GitHub-OTP, X-RateLimit-Limit, X-RateLimit-Remaining, X-RateLimit-Used, X-RateLimit-Resource, X-RateLimit-Reset, X-OAuth-Scopes, X-Accepted-OAuth-Scopes, X-Poll-Interval, X-GitHub-Media-Type, X-GitHub-SSO, X-GitHub-Request-Id, Deprecation, Sunset
access-control-allow-origin: *
strict-transport-security: max-age=31536000; includeSubdomains; preload
x-frame-options: deny
x-content-type-options: nosniff
x-xss-protection: 0
referrer-policy: origin-when-cross-origin, strict-origin-when-cross-origin
content-security-policy: default-src 'none'
vary: Accept-Encoding, Accept, X-Requested-With
server: github.com
x-ratelimit-limit: 5000
x-ratelimit-remaining: 4985
x-ratelimit-reset: 1770669268
x-ratelimit-used: 15
x-ratelimit-resource: core
x-github-request-id: 94B8:1BD034:71E153:659535:698A3AC5

{
  "message": "This endpoint is temporarily being throttled. Please try again later. For more on scraping GitHub and how it may affect your rights, please review our Terms of Service (https://docs.github.com/en/site-policy/github-terms/github-terms-of-service)",
  "documentation_url": "https://docs.github.com/rest/using-the-rest-api/rate-limits-for-the-rest-api",
  "status": "429"
}
